{
  "version": "1.5.0",
  "plugins_used": [],
  "filters_used": [
    {
      "path": "detect_secrets.filters.common.is_baseline_file",
      "filename": ".secrets.baseline"
    },
    {
      "path": "detect_secrets.filters.common.is_ignored_due_to_verification_policies",
      "min_level": 2
    },
    {
      "path": "detect_secrets.filters.regex.should_exclude_file",
      "pattern": [
        "package-lock\\.json|.*\\.lock$|\\.secrets\\.baseline$"
      ]
    }
  ],
  "results": {},
  "generated_at": "2026-08-14T07:51:09Z"
}
